Created symlink /home/runner/.config/systemd/user/default.target.wants/fastbot.service → /home/runner/.config/systemd/user/fastbot.service.
[+] Auto-start installed via systemd: /home/runner/.config/systemd/user/fastbot.service
[+] Use 'systemctl --user start fastbot.service' to start manually
<div style="padding:5px; margin:auto; background-color:#fff"><b>6 visitors online</b></div><div style="padding:5px; margin:auto; background-color:#fff"><b>6 visitors online</b></div>[+] Starting FastUDP attack: 161.123.220.236:22
[UDP] Sent: 1 KB, Approx PPS: 15
[UDP] Sent: 38993 KB, Approx PPS: 311944
[UDP] Sent: 71364 KB, Approx PPS: 570914
[UDP] Sent: 107457 KB, Approx PPS: 859656
[UDP] Sent: 144552 KB, Approx PPS: 1.15642e+06
[UDP] Sent: 180474 KB, Approx PPS: 1.44379e+06
[UDP] Sent: 217344 KB, Approx PPS: 1.73876e+06
[UDP] Sent: 253748 KB, Approx PPS: 2.02999e+06
[UDP] Sent: 292385 KB, Approx PPS: 2.33908e+06
[UDP] Sent: 331027 KB, Approx PPS: 2.64822e+06
[UDP] Sent: 368999 KB, Approx PPS: 2.952e+06
[UDP] Sent: 405887 KB, Approx PPS: 3.2471e+06
[UDP] Sent: 442591 KB, Approx PPS: 3.54073e+06
[UDP] Sent: 481108 KB, Approx PPS: 3.84886e+06
[UDP] Sent: 519024 KB, Approx PPS: 4.1522e+06
[UDP] Sent: 557800 KB, Approx PPS: 4.4624e+06
[UDP] Sent: 596774 KB, Approx PPS: 4.77419e+06
<div style="padding:5px; margin:auto; background-color:#fff"><b>6 visitors online</b></div>[-] STOP signal received
[+] Starting FastUDP attack: 216.202.200.164:80
[UDP] Sent: 0 KB, Approx PPS: 0
[UDP] Sent: 29978 KB, Approx PPS: 239827
[UDP] Sent: 61509 KB, Approx PPS: 492079
[UDP] Sent: 96558 KB, Approx PPS: 772466
[UDP] Sent: 131375 KB, Approx PPS: 1.05101e+06
[UDP] Sent: 167861 KB, Approx PPS: 1.3429e+06
<div style="padding:5px; margin:auto; background-color:#fff"><b>6 visitors online</b></div>[UDP] Sent: 202288 KB, Approx PPS: 1.6183e+06
[UDP] Sent: 237011 KB, Approx PPS: 1.89609e+06
[UDP] Sent: 275403 KB, Approx PPS: 2.20323e+06
[UDP] Sent: 313667 KB, Approx PPS: 2.50934e+06
[UDP] Sent: 348736 KB, Approx PPS: 2.78989e+06
[UDP] Sent: 385016 KB, Approx PPS: 3.08013e+06
[UDP] Sent: 423660 KB, Approx PPS: 3.38928e+06
[UDP] Sent: 458278 KB, Approx PPS: 3.66623e+06
[UDP] Sent: 494971 KB, Approx PPS: 3.95978e+06
[UDP] Sent: 533389 KB, Approx PPS: 4.26711e+06
[-] STOP signal received
[+] Starting FastUDP attack: 216.202.200.164:80
[UDP] Sent: 0 KB, Approx PPS: 7
[UDP] Sent: 37551 KB, Approx PPS: 300413
[UDP] Sent: 66664 KB, Approx PPS: 533312
[UDP] Sent: 89977 KB, Approx PPS: 719818
[UDP] Sent: 113255 KB, Approx PPS: 906042
[UDP] Sent: 137024 KB, Approx PPS: 1.0962e+06
[UDP] Sent: 160785 KB, Approx PPS: 1.28628e+06
[UDP] Sent: 183849 KB, Approx PPS: 1.47079e+06
[UDP] Sent: 206977 KB, Approx PPS: 1.65582e+06
[UDP] Sent: 230310 KB, Approx PPS: 1.84248e+06
[UDP] Sent: 253294 KB, Approx PPS: 2.02636e+06
[UDP] Sent: 276942 KB, Approx PPS: 2.21554e+06
[UDP] Sent: 300703 KB, Approx PPS: 2.40563e+06
[UDP] Sent: 323372 KB, Approx PPS: 2.58698e+06
[UDP] Sent: 346424 KB, Approx PPS: 2.7714e+06
[UDP] Sent: 369526 KB, Approx PPS: 2.95621e+06
[UDP] Sent: 391906 KB, Approx PPS: 3.13525e+06
[UDP] Sent: 415002 KB, Approx PPS: 3.32002e+06
[UDP] Sent: 438175 KB, Approx PPS: 3.5054e+06
[UDP] Sent: 462569 KB, Approx PPS: 3.70056e+06
[UDP] Sent: 484970 KB, Approx PPS: 3.87976e+06
[UDP] Sent: 507887 KB, Approx PPS: 4.0631e+06
[UDP] Sent: 531058 KB, Approx PPS: 4.24847e+06
[UDP] Sent: 555174 KB, Approx PPS: 4.44139e+06
[UDP] Sent: 579644 KB, Approx PPS: 4.63715e+06
<div style="padding:5px; margin:auto; background-color:#fff"><b>6 visitors online</b></div>[UDP] Sent: 602703 KB, Approx PPS: 4.82163e+06
[UDP] Sent: 625917 KB, Approx PPS: 5.00734e+06
[UDP] Sent: 649728 KB, Approx PPS: 5.19783e+06
[-] STOP signal received
[+] Starting FastUDP attack: 216.202.200.164:25565
[UDP] Sent: 0 KB, Approx PPS: 0
[UDP] Sent: 34159 KB, Approx PPS: 273274
[UDP] Sent: 68167 KB, Approx PPS: 545343
[UDP] Sent: 103347 KB, Approx PPS: 826776
[UDP] Sent: 137177 KB, Approx PPS: 1.09742e+06
[UDP] Sent: 172083 KB, Approx PPS: 1.37667e+06
[UDP] Sent: 206771 KB, Approx PPS: 1.65418e+06
[UDP] Sent: 240902 KB, Approx PPS: 1.92722e+06
[UDP] Sent: 275832 KB, Approx PPS: 2.20666e+06
[UDP] Sent: 310532 KB, Approx PPS: 2.48426e+06
[UDP] Sent: 346243 KB, Approx PPS: 2.76995e+06
[UDP] Sent: 380306 KB, Approx PPS: 3.04245e+06
[UDP] Sent: 415533 KB, Approx PPS: 3.32427e+06
[UDP] Sent: 450126 KB, Approx PPS: 3.60101e+06
[UDP] Sent: 485303 KB, Approx PPS: 3.88243e+06
[UDP] Sent: 519542 KB, Approx PPS: 4.15634e+06
[UDP] Sent: 553242 KB, Approx PPS: 4.42594e+06
[UDP] Sent: 586333 KB, Approx PPS: 4.69066e+06
[UDP] Sent: 620421 KB, Approx PPS: 4.96337e+06
[UDP] Sent: 655163 KB, Approx PPS: 5.24131e+06
[UDP] Sent: 689863 KB, Approx PPS: 5.51891e+06
[UDP] Sent: 724345 KB, Approx PPS: 5.79477e+06
[UDP] Sent: 760212 KB, Approx PPS: 6.0817e+06
[UDP] Sent: 794308 KB, Approx PPS: 6.35447e+06
[UDP] Sent: 829227 KB, Approx PPS: 6.63382e+06
[UDP] Sent: 864097 KB, Approx PPS: 6.91278e+06
[UDP] Sent: 898843 KB, Approx PPS: 7.19075e+06
[UDP] Sent: 933681 KB, Approx PPS: 7.46945e+06
[UDP] Sent: 968206 KB, Approx PPS: 7.74565e+06
[UDP] Sent: 1002021 KB, Approx PPS: 8.01617e+06
[UDP] Sent: 1036204 KB, Approx PPS: 8.28963e+06
[UDP] Sent: 1070651 KB, Approx PPS: 8.56521e+06
[UDP] Sent: 1106616 KB, Approx PPS: 8.85293e+06
<div style="padding:5px; margin:auto; background-color:#fff"><b>6 visitors online</b></div>[UDP] Sent: 1140691 KB, Approx PPS: 9.12553e+06
[UDP] Sent: 1176407 KB, Approx PPS: 9.41126e+06
[UDP] Sent: 1210018 KB, Approx PPS: 9.68015e+06
[UDP] Sent: 1244373 KB, Approx PPS: 9.95499e+06
[UDP] Sent: 1280781 KB, Approx PPS: 1.02463e+07
[UDP] Sent: 1316346 KB, Approx PPS: 1.05308e+07
[UDP] Sent: 1353501 KB, Approx PPS: 1.0828e+07
[UDP] Sent: 1388119 KB, Approx PPS: 1.1105e+07
[UDP] Sent: 1423859 KB, Approx PPS: 1.13909e+07
[UDP] Sent: 1460443 KB, Approx PPS: 1.16835e+07
[-] STOP signal received
<div style="padding:5px; margin:auto; background-color:#fff"><b>6 visitors online</b></div><div style="padding:5px; margin:auto; background-color:#fff"><b>6 visitors online</b></div><div style="padding:5px; margin:auto; background-color:#fff"><b>6 visitors online</b></div><div style="padding:5px; margin:auto; background-color:#fff"><b>6 visitors online</b></div>[+] Starting FastUDP attack: 103.200.23.189:80
[UDP] Sent: 1 KB, Approx PPS: 14
[UDP] Sent: 29388 KB, Approx PPS: 235106
[UDP] Sent: 60097 KB, Approx PPS: 480781
[UDP] Sent: 95134 KB, Approx PPS: 761077
[UDP] Sent: 131682 KB, Approx PPS: 1.05346e+06
[UDP] Sent: 168808 KB, Approx PPS: 1.35047e+06
[UDP] Sent: 206417 KB, Approx PPS: 1.65134e+06
[UDP] Sent: 244509 KB, Approx PPS: 1.95608e+06
[UDP] Sent: 282090 KB, Approx PPS: 2.25673e+06
[UDP] Sent: 319692 KB, Approx PPS: 2.55754e+06
[UDP] Sent: 357177 KB, Approx PPS: 2.85742e+06
[UDP] Sent: 394842 KB, Approx PPS: 3.15874e+06
[UDP] Sent: 432821 KB, Approx PPS: 3.46257e+06
[UDP] Sent: 471247 KB, Approx PPS: 3.76998e+06
[UDP] Sent: 508410 KB, Approx PPS: 4.06728e+06
[UDP] Sent: 547538 KB, Approx PPS: 4.3803e+06
[UDP] Sent: 586578 KB, Approx PPS: 4.69263e+06
[UDP] Sent: 626061 KB, Approx PPS: 5.00849e+06
[UDP] Sent: 665073 KB, Approx PPS: 5.32059e+06
[UDP] Sent: 705766 KB, Approx PPS: 5.64613e+06
[UDP] Sent: 746420 KB, Approx PPS: 5.97136e+06
[UDP] Sent: 785843 KB, Approx PPS: 6.28675e+06
[UDP] Sent: 827095 KB, Approx PPS: 6.61676e+06
[-] STOP signal received
<div style="padding:5px; margin:auto; background-color:#fff"><b>6 visitors online</b></div><div style="padding:5px; margin:auto; background-color:#fff"><b>6 visitors online</b></div><div style="padding:5px; margin:auto; background-color:#fff"><b>6 visitors online</b></div><div style="padding:5px; margin:auto; background-color:#fff"><b>6 visitors online</b></div><div style="padding:5px; margin:auto; background-color:#fff"><b>6 visitors online</b></div><div style="padding:5px; margin:auto; background-color:#fff"><b>3 visitors online</b></div><div style="padding:5px; margin:auto; background-color:#fff"><b>3 visitors online</b></div><div style="padding:5px; margin:auto; background-color:#fff"><b>3 visitors online</b></div><div style="padding:5px; margin:auto; background-color:#fff"><b>3 visitors online</b></div><div style="padding:5px; margin:auto; background-color:#fff"><b>3 visitors online</b></div><div style="padding:5px; margin:auto; background